// Jest Snapshot v1, https://goo.gl/fbAQLP

exports[`CarForm renders correctly 1`] = `
ShallowWrapper {
  "complexSelector": ComplexSelector {
    "buildPredicate": [Function],
    "childrenOfNode": [Function],
    "findWhereUnwrapped": [Function],
  },
  "length": 1,
  "node": <CarFormPresentation
    car={
        Object {
            "acceleration": 12,
            "id": 1,
            "name": "Audi",
          }
    }
    errors={Object {}}
    model={
        Object {
            "acceleration": Object {
              "max": 100,
              "min": 1,
              "step": 0.1,
              "type": "number",
            },
            "cylinders": Object {
              "max": 16,
              "min": 2,
              "step": 1,
              "type": "number",
            },
            "displacement": Object {
              "max": 1000,
              "min": 1,
              "step": 1,
              "type": "number",
            },
            "horsepower": Object {
              "max": 1000,
              "min": 40,
              "step": 1,
              "type": "number",
            },
            "mpg": Object {
              "max": 100,
              "min": 0,
              "step": 1,
              "type": "number",
            },
            "name": Object {
              "type": "string",
            },
            "weight": Object {
              "max": 10000,
              "min": 500,
              "step": 1,
              "type": "number",
            },
            "year": Object {
              "max": 99,
              "min": 0,
              "step": 1,
              "type": "number",
            },
          }
    }
    onCancel={[Function]}
    onChangeField={[Function]}
    onSubmit={[Function]}
/>,
  "nodes": Array [
    <CarFormPresentation
      car={
            Object {
                  "acceleration": 12,
                  "id": 1,
                  "name": "Audi",
                }
      }
      errors={Object {}}
      model={
            Object {
                  "acceleration": Object {
                    "max": 100,
                    "min": 1,
                    "step": 0.1,
                    "type": "number",
                  },
                  "cylinders": Object {
                    "max": 16,
                    "min": 2,
                    "step": 1,
                    "type": "number",
                  },
                  "displacement": Object {
                    "max": 1000,
                    "min": 1,
                    "step": 1,
                    "type": "number",
                  },
                  "horsepower": Object {
                    "max": 1000,
                    "min": 40,
                    "step": 1,
                    "type": "number",
                  },
                  "mpg": Object {
                    "max": 100,
                    "min": 0,
                    "step": 1,
                    "type": "number",
                  },
                  "name": Object {
                    "type": "string",
                  },
                  "weight": Object {
                    "max": 10000,
                    "min": 500,
                    "step": 1,
                    "type": "number",
                  },
                  "year": Object {
                    "max": 99,
                    "min": 0,
                    "step": 1,
                    "type": "number",
                  },
                }
      }
      onCancel={[Function]}
      onChangeField={[Function]}
      onSubmit={[Function]}
/>,
  ],
  "options": Object {},
  "renderer": ReactShallowRenderer {
    "_instance": ShallowComponentWrapper {
      "_calledComponentWillUnmount": false,
      "_compositeType": 0,
      "_context": Object {},
      "_currentElement": <CarForm
        car={
                Object {
                        "acceleration": 12,
                        "id": 1,
                        "name": "Audi",
                      }
        }
        model={
                Object {
                        "acceleration": Object {
                          "max": 100,
                          "min": 1,
                          "step": 0.1,
                          "type": "number",
                        },
                        "cylinders": Object {
                          "max": 16,
                          "min": 2,
                          "step": 1,
                          "type": "number",
                        },
                        "displacement": Object {
                          "max": 1000,
                          "min": 1,
                          "step": 1,
                          "type": "number",
                        },
                        "horsepower": Object {
                          "max": 1000,
                          "min": 40,
                          "step": 1,
                          "type": "number",
                        },
                        "mpg": Object {
                          "max": 100,
                          "min": 0,
                          "step": 1,
                          "type": "number",
                        },
                        "name": Object {
                          "type": "string",
                        },
                        "weight": Object {
                          "max": 10000,
                          "min": 500,
                          "step": 1,
                          "type": "number",
                        },
                        "year": Object {
                          "max": 99,
                          "min": 0,
                          "step": 1,
                          "type": "number",
                        },
                      }
        }
        onCancel={[Function]}
        onChangeField={[Function]}
        onSubmit={[Function]}
        validateField={[Function]}
/>,
      "_debugID": 1,
      "_hostContainerInfo": null,
      "_hostParent": null,
      "_instance": CarForm {
        "_reactInternalInstance": [Circular],
        "context": Object {},
        "handleFieldChange": [Function],
        "props": Object {
          "car": Object {
            "acceleration": 12,
            "id": 1,
            "name": "Audi",
          },
          "model": Object {
            "acceleration": Object {
              "max": 100,
              "min": 1,
              "step": 0.1,
              "type": "number",
            },
            "cylinders": Object {
              "max": 16,
              "min": 2,
              "step": 1,
              "type": "number",
            },
            "displacement": Object {
              "max": 1000,
              "min": 1,
              "step": 1,
              "type": "number",
            },
            "horsepower": Object {
              "max": 1000,
              "min": 40,
              "step": 1,
              "type": "number",
            },
            "mpg": Object {
              "max": 100,
              "min": 0,
              "step": 1,
              "type": "number",
            },
            "name": Object {
              "type": "string",
            },
            "weight": Object {
              "max": 10000,
              "min": 500,
              "step": 1,
              "type": "number",
            },
            "year": Object {
              "max": 99,
              "min": 0,
              "step": 1,
              "type": "number",
            },
          },
          "onCancel": [Function],
          "onChangeField": [Function],
          "onSubmit": [Function],
          "validateField": [Function],
        },
        "refs": Object {},
        "state": Object {
          "car": Object {
            "acceleration": 12,
            "id": 1,
            "name": "Audi",
          },
        },
        "submit": [Function],
        "updater": Object {
          "enqueueCallback": [Function],
          "enqueueCallbackInternal": [Function],
          "enqueueElementInternal": [Function],
          "enqueueForceUpdate": [Function],
          "enqueueReplaceState": [Function],
          "enqueueSetState": [Function],
          "isMounted": [Function],
          "validateCallback": [Function],
        },
      },
      "_mountOrder": 1,
      "_pendingCallbacks": null,
      "_pendingElement": null,
      "_pendingForceUpdate": false,
      "_pendingReplaceState": false,
      "_pendingStateQueue": null,
      "_renderedComponent": NoopInternalComponent {
        "_currentElement": <CarFormPresentation
          car={
                    Object {
                              "acceleration": 12,
                              "id": 1,
                              "name": "Audi",
                            }
          }
          errors={Object {}}
          model={
                    Object {
                              "acceleration": Object {
                                "max": 100,
                                "min": 1,
                                "step": 0.1,
                                "type": "number",
                              },
                              "cylinders": Object {
                                "max": 16,
                                "min": 2,
                                "step": 1,
                                "type": "number",
                              },
                              "displacement": Object {
                                "max": 1000,
                                "min": 1,
                                "step": 1,
                                "type": "number",
                              },
                              "horsepower": Object {
                                "max": 1000,
                                "min": 40,
                                "step": 1,
                                "type": "number",
                              },
                              "mpg": Object {
                                "max": 100,
                                "min": 0,
                                "step": 1,
                                "type": "number",
                              },
                              "name": Object {
                                "type": "string",
                              },
                              "weight": Object {
                                "max": 10000,
                                "min": 500,
                                "step": 1,
                                "type": "number",
                              },
                              "year": Object {
                                "max": 99,
                                "min": 0,
                                "step": 1,
                                "type": "number",
                              },
                            }
          }
          onCancel={[Function]}
          onChangeField={[Function]}
          onSubmit={[Function]}
/>,
        "_debugID": 2,
        "_renderedOutput": <CarFormPresentation
          car={
                    Object {
                              "acceleration": 12,
                              "id": 1,
                              "name": "Audi",
                            }
          }
          errors={Object {}}
          model={
                    Object {
                              "acceleration": Object {
                                "max": 100,
                                "min": 1,
                                "step": 0.1,
                                "type": "number",
                              },
                              "cylinders": Object {
                                "max": 16,
                                "min": 2,
                                "step": 1,
                                "type": "number",
                              },
                              "displacement": Object {
                                "max": 1000,
                                "min": 1,
                                "step": 1,
                                "type": "number",
                              },
                              "horsepower": Object {
                                "max": 1000,
                                "min": 40,
                                "step": 1,
                                "type": "number",
                              },
                              "mpg": Object {
                                "max": 100,
                                "min": 0,
                                "step": 1,
                                "type": "number",
                              },
                              "name": Object {
                                "type": "string",
                              },
                              "weight": Object {
                                "max": 10000,
                                "min": 500,
                                "step": 1,
                                "type": "number",
                              },
                              "year": Object {
                                "max": 99,
                                "min": 0,
                                "step": 1,
                                "type": "number",
                              },
                            }
          }
          onCancel={[Function]}
          onChangeField={[Function]}
          onSubmit={[Function]}
/>,
      },
      "_renderedNodeType": 1,
      "_rootNodeID": 0,
      "_topLevelWrapper": null,
      "_updateBatchNumber": null,
      "_warnedAboutRefsInRender": false,
    },
    "getRenderOutput": [Function],
    "render": [Function],
  },
  "root": [Circular],
  "unrendered": <CarForm
    car={
        Object {
            "acceleration": 12,
            "id": 1,
            "name": "Audi",
          }
    }
    model={
        Object {
            "acceleration": Object {
              "max": 100,
              "min": 1,
              "step": 0.1,
              "type": "number",
            },
            "cylinders": Object {
              "max": 16,
              "min": 2,
              "step": 1,
              "type": "number",
            },
            "displacement": Object {
              "max": 1000,
              "min": 1,
              "step": 1,
              "type": "number",
            },
            "horsepower": Object {
              "max": 1000,
              "min": 40,
              "step": 1,
              "type": "number",
            },
            "mpg": Object {
              "max": 100,
              "min": 0,
              "step": 1,
              "type": "number",
            },
            "name": Object {
              "type": "string",
            },
            "weight": Object {
              "max": 10000,
              "min": 500,
              "step": 1,
              "type": "number",
            },
            "year": Object {
              "max": 99,
              "min": 0,
              "step": 1,
              "type": "number",
            },
          }
    }
    onCancel={[Function]}
    onChangeField={[Function]}
    onSubmit={[Function]}
    validateField={[Function]}
/>,
}
`;
